=== shogiesa conflict-report ===
input             : <fixture>
records read      : 5
parse errors      : 0
no game_result    : 0
non-decisive result: 1
decisive records  : 4
evaluated pairs   : 0
conflicts         : 0  (0.0%)
excluded no CP/mate: 1
excluded deadband : 3  (|cp| <= 300)

by engine / weight:
