{
  "run_version": 1,
  "stages": [
    {
      "id": "compare",
      "outputs": 1,
      "status": "succeeded"
    },
    {
      "id": "pack",
      "outputs": 1,
      "status": "succeeded"
    },
    {
      "id": "unpack",
      "outputs": 1,
      "status": "succeeded"
    }
  ],
  "status": "completed"
}
